// Jest Snapshot v1, https://goo.gl/fbAQLP

exports[`Home page matches snapshot 1`] = `
<DocumentFragment>
  <div
    class="container"
  >
    <h2>
      This is just a boilerplate
    </h2>
  </div>
</DocumentFragment>
`;
